// Jest Snapshot v1, https://goo.gl/fbAQLP

exports[`<FilmsListItem /> has not changed 1`] = `"<li class=\\"css-1m28q18-FilmsListItem\\"></li>"`;
