// Jest Snapshot v1, https://goo.gl/fbAQLP

exports[`<Header /> has not changed 1`] = `ReactWrapper {}`;
